test_changed_analysis_fails (__main__.IntegrityMutationTests.test_changed_analysis_fails) ... ok
test_changed_raw_extraction_rejects_stale_verdict (__main__.IntegrityMutationTests.test_changed_raw_extraction_rejects_stale_verdict) ... ok
test_clean_evidence_passes (__main__.IntegrityMutationTests.test_clean_evidence_passes) ... ok
test_current_class_cache_mutation_fails (__main__.IntegrityMutationTests.test_current_class_cache_mutation_fails) ... ok
test_current_verdict_cache_mutation_fails (__main__.IntegrityMutationTests.test_current_verdict_cache_mutation_fails) ... ok
test_duplicate_record_fails (__main__.IntegrityMutationTests.test_duplicate_record_fails) ... ok
test_fixture_truth_mutation_fails (__main__.IntegrityMutationTests.test_fixture_truth_mutation_fails) ... ok
test_missing_replayed_evidence_fails (__main__.IntegrityMutationTests.test_missing_replayed_evidence_fails) ... ok
test_missing_required_evidence_fails (__main__.IntegrityMutationTests.test_missing_required_evidence_fails) ... ok
test_report_engine_row_swap_fails (__main__.IntegrityMutationTests.test_report_engine_row_swap_fails) ... ok
test_windows_relative_paths_pass_full_gate (__main__.IntegrityMutationTests.test_windows_relative_paths_pass_full_gate) ... FAIL
test_windows_relative_paths_still_reject_changed_fixture (__main__.IntegrityMutationTests.test_windows_relative_paths_still_reject_changed_fixture) ... ok
test_windows_relative_paths_still_reject_missing_manifest_entry (__main__.IntegrityMutationTests.test_windows_relative_paths_still_reject_missing_manifest_entry) ... ok

======================================================================
FAIL: test_windows_relative_paths_pass_full_gate (__main__.IntegrityMutationTests.test_windows_relative_paths_pass_full_gate)
----------------------------------------------------------------------
Traceback (most recent call last):
  File "/opt/data/projects/ttb-label-verify-revision/bench/test_integrity_mutations.py", line 63, in test_windows_relative_paths_pass_full_gate
    self.assertEqual(result, 0, 'Windows path separators must not reject untouched evidence')
    ~~~~~~~~~~~~~~~~^^^^^^^^^^^^^^^^^^^^^^^^^^^^^^^^^^^^^^^^^^^^^^^^^^^^^^^^^^^^^^^^^^^^^^^^^
AssertionError: 1 != 0 : Windows path separators must not reject untouched evidence

----------------------------------------------------------------------
Ran 13 tests in 4.161s

FAILED (failures=1)
