
> ttb-label-review-foundation@0.1.0 test
> vitest run


[1m[30m[46m RUN [49m[39m[22m [36mv5.0.1 [39m[90m/opt/data/ttb-prototype-delivery/web[39m

 [32m✓[39m tests/batch-state.test.ts [2m([22m[2m19 tests[22m[2m)[22m[32m 208[2mms[22m[39m
 [32m✓[39m tests/review-policy.test.ts [2m([22m[2m14 tests[22m[2m)[22m[32m 221[2mms[22m[39m
 [32m✓[39m tests/db/gate-refusal.test.ts [2m([22m[2m4 tests[22m[2m)[22m[33m 1432[2mms[22m[39m
   [32m✓[39m DB gate refusal subprocess — never connects to a DB [2m(4)[22m
     [33m[2m✓[22m[39m fails specifically for missing isolated authorization/config, even without psql on PATH[33m 762[2mms[22m[39m
     [33m[2m✓[22m[39m rejects caller-supplied narrower suite arguments before configuration/DB access[33m 654[2mms[22m[39m
 [32m✓[39m tests/persistence.test.ts [2m([22m[2m34 tests[22m[2m)[22m[32m 229[2mms[22m[39m
 [32m✓[39m tests/intake.test.ts [2m([22m[2m71 tests[22m[2m)[22m[33m 391[2mms[22m[39m
 [32m✓[39m tests/repository.test.ts [2m([22m[2m20 tests[22m[2m)[22m[32m 279[2mms[22m[39m
 [32m✓[39m tests/storage.test.ts [2m([22m[2m34 tests[22m[2m)[22m[32m 191[2mms[22m[39m
 [32m✓[39m tests/sqlite-spend-security.test.ts [2m([22m[2m32 tests[22m[2m)[22m[33m 798[2mms[22m[39m
 [32m✓[39m tests/demo-route.test.ts [2m([22m[2m10 tests[22m[2m)[22m[33m 612[2mms[22m[39m
 [32m✓[39m tests/rules.test.ts [2m([22m[2m117 tests[22m[2m)[22m[32m 126[2mms[22m[39m
 [32m✓[39m tests/extraction.test.ts [2m([22m[2m46 tests[22m[2m)[22m[32m 171[2mms[22m[39m
 [32m✓[39m tests/sqlite-spend-native-security.test.ts [2m([22m[2m11 tests[22m[2m)[22m[33m 3813[2mms[22m[39m
   [33m[2m✓[22m[39m native security: actual provisioning CLI accepts private Unicode/spaced directory and refuses reuse[33m 3634[2mms[22m[39m
 [32m✓[39m tests/spend.test.ts [2m([22m[2m25 tests[22m[2m)[22m[32m 38[2mms[22m[39m
 [32m✓[39m tests/db/gate-config.test.ts [2m([22m[2m12 tests[22m[2m)[22m[32m 12[2mms[22m[39m
 [32m✓[39m tests/auth.test.ts [2m([22m[2m16 tests[22m[2m)[22m[32m 22[2mms[22m[39m
 [32m✓[39m tests/db/sql-contract.test.ts [2m([22m[2m6 tests[22m[2m)[22m[32m 8[2mms[22m[39m
 [32m✓[39m tests/offline-demo.test.ts [2m([22m[2m5 tests[22m[2m)[22m[32m 95[2mms[22m[39m
 [32m✓[39m tests/sqlite-spend-windows-script.test.ts [2m([22m[2m2 tests[22m[2m)[22m[32m 4[2mms[22m[39m
 [32m✓[39m tests/pair-input.test.ts [2m([22m[2m2 tests[22m[2m)[22m[32m 17[2mms[22m[39m
 [32m✓[39m tests/smoke.test.ts [2m([22m[2m1 test[22m[2m)[22m[32m 19[2mms[22m[39m
 [32m✓[39m tests/batch-manifest.test.ts [2m([22m[2m14 tests[22m[2m)[22m[32m 74[2mms[22m[39m
 [32m✓[39m tests/compare-service.test.ts [2m([22m[2m12 tests[22m[2m)[22m[32m 100[2mms[22m[39m
 [32m✓[39m tests/sqlite-spend.test.ts [2m([22m[2m4 tests[22m[2m)[22m[33m 6310[2mms[22m[39m
   [33m[2m✓[22m[39m child startup failures include diagnostics, not swallowed CAS exit codes[33m 2066[2mms[22m[39m
   [33m[2m✓[22m[39m independent processes share atomic identity and claims; persisted cap mismatch rejects[33m 3003[2mms[22m[39m
   [33m[2m✓[22m[39m atomic dedup, single winner claim, retained holds, restart and hard cap[33m 1187[2mms[22m[39m

[2m Test Files [22m [1m[32m23 passed[39m[22m[90m (23)[39m
[2m      Tests [22m [1m[32m511 passed[39m[22m[90m (511)[39m
[2m   Start at [22m 21:30:43
[2m   Duration [22m 8.23s[2m (import 60%, tests 28%, transform 11%, worker 1%)[22m

[2m    Isolate [22m [33m23 workers spawned[39m[2m · ~819ms startup each (spawn + environment, per file)[22m
[2m            [22m [2mat least ~894ms faster with [22m[33misolate: false[39m[2m — reuses workers across files instead of one per file[22m

